[     896ms] [WARNING] <link rel=preload> must have a valid `as` value @ https://www.westernunion.com/jp/ja/web/send-money/start:13
[     897ms] [WARNING] <link rel=preload> must have a valid `as` value @ https://www.westernunion.com/jp/ja/web/send-money/start:13
[    1136ms] [WARNING] <link rel=preload> must have a valid `as` value @ https://www.westernunion.com/jp/ja/web/send-money/start:74
[    2303ms] [ERROR] Attestation check for Attribution Reporting on https://www.facebook.com failed. @ https://www.westernunion.com/jp/ja/web/send-money/start:0
[    2709ms] [WARNING] [OPTIMIZELY] - WARN  2026-04-12T10:36:18.063Z Invalid eventBatchSize undefined, defaulting to 10 @ https://www.westernunion.com/content/wucom/dist/ng9staticassets/R260351-f264f8dc93/vendor.346574b18bfbf331.js:0
[    2709ms] [WARNING] [OPTIMIZELY] - WARN  2026-04-12T10:36:18.064Z Invalid eventFlushInterval undefined, defaulting to 1000 @ https://www.westernunion.com/content/wucom/dist/ng9staticassets/R260351-f264f8dc93/vendor.346574b18bfbf331.js:0
[    2711ms] [INFO] [OPTIMIZELY] - INFO  2026-04-12T10:36:18.066Z PROJECT_CONFIG: Skipping JSON schema validation. @ https://www.westernunion.com/content/wucom/dist/ng9staticassets/R260351-f264f8dc93/vendor.346574b18bfbf331.js:0
[    2717ms] [INFO] [OPTIMIZELY] - INFO  2026-04-12T10:36:18.071Z OPTIMIZELY: Updated Optimizely config to revision 45 (project id 6051471968436224) @ https://www.westernunion.com/content/wucom/dist/ng9staticassets/R260351-f264f8dc93/vendor.346574b18bfbf331.js:0
[    3209ms] [INFO] [OPTIMIZELY] - INFO  2026-04-12T10:36:18.563Z DECISION_SERVICE: Audiences for rule Everyone Else collectively evaluated to TRUE. @ https://www.westernunion.com/content/wucom/dist/ng9staticassets/R260351-f264f8dc93/vendor.346574b18bfbf331.js:0
[    3209ms] [INFO] [OPTIMIZELY] - INFO  2026-04-12T10:36:18.564Z OPTIMIZELY: Feature forget_password_mfa is not enabled for user a2aba4f6-bf0c-4fde-91f6-256ca3d115d6. @ https://www.westernunion.com/content/wucom/dist/ng9staticassets/R260351-f264f8dc93/vendor.346574b18bfbf331.js:0
[    3210ms] [WARNING] [OPTIMIZELY] - WARN  2026-04-12T10:36:18.564Z OPTIMIZELY: Event key default-rollout-360670-451731670190945 is not in datafile. @ https://www.westernunion.com/content/wucom/dist/ng9staticassets/R260351-f264f8dc93/vendor.346574b18bfbf331.js:0
[    3210ms] [WARNING] [OPTIMIZELY] - WARN  2026-04-12T10:36:18.564Z OPTIMIZELY: Not tracking user a2aba4f6-bf0c-4fde-91f6-256ca3d115d6. @ https://www.westernunion.com/content/wucom/dist/ng9staticassets/R260351-f264f8dc93/vendor.346574b18bfbf331.js:0
[    4066ms] [LOG] initializeVariation @ https://cdn.optimizely.com/js/27891380129.js:23855
[    4145ms] [INFO] [OPTIMIZELY] - INFO  2026-04-12T10:36:19.500Z DECISION_SERVICE: Audiences for rule Everyone Else collectively evaluated to TRUE. @ https://www.westernunion.com/content/wucom/dist/ng9staticassets/R260351-f264f8dc93/vendor.346574b18bfbf331.js:0
[    4145ms] [INFO] [OPTIMIZELY] - INFO  2026-04-12T10:36:19.500Z OPTIMIZELY: Feature forget_password_mfa is not enabled for user a2aba4f6-bf0c-4fde-91f6-256ca3d115d6. @ https://www.westernunion.com/content/wucom/dist/ng9staticassets/R260351-f264f8dc93/vendor.346574b18bfbf331.js:0
[    4146ms] [WARNING] [OPTIMIZELY] - WARN  2026-04-12T10:36:19.500Z OPTIMIZELY: Event key default-rollout-360670-451731670190945 is not in datafile. @ https://www.westernunion.com/content/wucom/dist/ng9staticassets/R260351-f264f8dc93/vendor.346574b18bfbf331.js:0
[    4146ms] [WARNING] [OPTIMIZELY] - WARN  2026-04-12T10:36:19.500Z OPTIMIZELY: Not tracking user a2aba4f6-bf0c-4fde-91f6-256ca3d115d6. @ https://www.westernunion.com/content/wucom/dist/ng9staticassets/R260351-f264f8dc93/vendor.346574b18bfbf331.js:0
[    4229ms] [ERROR] -- undefined Session didn't existed, CreatedSession called -- @ https://www.westernunion.com/content/wucom/dist/ng9staticassets/R260351-f264f8dc93/main.c72568e3234b953d.js:0
[    4257ms] [INFO] [OPTIMIZELY] - INFO  2026-04-12T10:36:19.612Z DECISION_SERVICE: Audiences for rule Everyone Else collectively evaluated to TRUE. @ https://www.westernunion.com/content/wucom/dist/ng9staticassets/R260351-f264f8dc93/vendor.346574b18bfbf331.js:0
[    4258ms] [INFO] [OPTIMIZELY] - INFO  2026-04-12T10:36:19.612Z OPTIMIZELY: Feature forget_password_mfa is not enabled for user a2aba4f6-bf0c-4fde-91f6-256ca3d115d6. @ https://www.westernunion.com/content/wucom/dist/ng9staticassets/R260351-f264f8dc93/vendor.346574b18bfbf331.js:0
[    4258ms] [WARNING] [OPTIMIZELY] - WARN  2026-04-12T10:36:19.613Z OPTIMIZELY: Event key default-rollout-360670-451731670190945 is not in datafile. @ https://www.westernunion.com/content/wucom/dist/ng9staticassets/R260351-f264f8dc93/vendor.346574b18bfbf331.js:0
[    4258ms] [WARNING] [OPTIMIZELY] - WARN  2026-04-12T10:36:19.613Z OPTIMIZELY: Not tracking user a2aba4f6-bf0c-4fde-91f6-256ca3d115d6. @ https://www.westernunion.com/content/wucom/dist/ng9staticassets/R260351-f264f8dc93/vendor.346574b18bfbf331.js:0
[    4542ms] [LOG] NG15 - otDomains read from Switches {domains: Object, partnersDomain: Object} @ https://www.westernunion.com/content/wucom/dist/ng9staticassets/R260351-f264f8dc93/assets/vendor/util.js:586
[    4986ms] [ERROR] Failed to load resource: the server responded with a status of 403 () @ https://www.westernunion.com/wubot/lex-web-ui-loader.m.js:0
[    5147ms] [LOG] [Amplitude] Success: loaded SDK @ https://www.westernunion.com/content/wucom/dist/ng9staticassets/R260351-f264f8dc93/assets/vendor/util.js:518
[   13661ms] [WARNING] Identity value for 'email' is falsy (). This value will be removed from the request. @ https://cdn.quantummetric.com/qscripts/quantum-wu.js:112
[   13696ms] [INFO] [OPTIMIZELY] - INFO  2026-04-12T10:36:29.050Z DECISION_SERVICE: Audiences for rule Everyone Else collectively evaluated to TRUE. @ https://cdn.quantummetric.com/qscripts/quantum-wu.js:112
[   13696ms] [INFO] [OPTIMIZELY] - INFO  2026-04-12T10:36:29.050Z OPTIMIZELY: Feature forget_password_mfa is not enabled for user a2aba4f6-bf0c-4fde-91f6-256ca3d115d6. @ https://cdn.quantummetric.com/qscripts/quantum-wu.js:112
[   13696ms] [WARNING] [OPTIMIZELY] - WARN  2026-04-12T10:36:29.051Z OPTIMIZELY: Event key default-rollout-360670-451731670190945 is not in datafile. @ https://cdn.quantummetric.com/qscripts/quantum-wu.js:112
[   13696ms] [WARNING] [OPTIMIZELY] - WARN  2026-04-12T10:36:29.051Z OPTIMIZELY: Not tracking user a2aba4f6-bf0c-4fde-91f6-256ca3d115d6. @ https://cdn.quantummetric.com/qscripts/quantum-wu.js:112
[   14197ms] [LOG] -------------R3 AEP Web SDK page load fired------------- @ https://cdn.quantummetric.com/qscripts/quantum-wu.js:112
[   14289ms] [INFO] [OPTIMIZELY] - INFO  2026-04-12T10:36:29.643Z DECISION_SERVICE: Audiences for rule Everyone Else collectively evaluated to TRUE. @ https://cdn.quantummetric.com/qscripts/quantum-wu.js:112
[   14290ms] [INFO] [OPTIMIZELY] - INFO  2026-04-12T10:36:29.644Z OPTIMIZELY: Feature forget_password_mfa is not enabled for user a2aba4f6-bf0c-4fde-91f6-256ca3d115d6. @ https://cdn.quantummetric.com/qscripts/quantum-wu.js:112
[   14290ms] [WARNING] [OPTIMIZELY] - WARN  2026-04-12T10:36:29.644Z OPTIMIZELY: Event key default-rollout-360670-451731670190945 is not in datafile. @ https://cdn.quantummetric.com/qscripts/quantum-wu.js:112
[   14290ms] [WARNING] [OPTIMIZELY] - WARN  2026-04-12T10:36:29.644Z OPTIMIZELY: Not tracking user a2aba4f6-bf0c-4fde-91f6-256ca3d115d6. @ https://cdn.quantummetric.com/qscripts/quantum-wu.js:112
[   14361ms] [INFO] [OPTIMIZELY] - INFO  2026-04-12T10:36:29.715Z DECISION_SERVICE: Audiences for rule Everyone Else collectively evaluated to TRUE. @ https://cdn.quantummetric.com/qscripts/quantum-wu.js:112
[   14361ms] [INFO] [OPTIMIZELY] - INFO  2026-04-12T10:36:29.715Z OPTIMIZELY: Feature forget_password_mfa is not enabled for user a2aba4f6-bf0c-4fde-91f6-256ca3d115d6. @ https://cdn.quantummetric.com/qscripts/quantum-wu.js:112
[   14361ms] [WARNING] [OPTIMIZELY] - WARN  2026-04-12T10:36:29.716Z OPTIMIZELY: Event key default-rollout-360670-451731670190945 is not in datafile. @ https://cdn.quantummetric.com/qscripts/quantum-wu.js:112
[   14361ms] [WARNING] [OPTIMIZELY] - WARN  2026-04-12T10:36:29.716Z OPTIMIZELY: Not tracking user a2aba4f6-bf0c-4fde-91f6-256ca3d115d6. @ https://cdn.quantummetric.com/qscripts/quantum-wu.js:112
[   14590ms] [LOG] %c2026-04-12T10:36:29.944Z LOG [main.c72568e3234b953d.js:1:2407227] color:gray ...pricing api post done... @ https://cdn.quantummetric.com/qscripts/quantum-wu.js:112
[   18862ms] [LOG] Hello from One Trust Cookie Consent Loop[object Object] @ https://cdn.quantummetric.com/qscripts/quantum-wu.js:112
[   19092ms] [WARNING] [Meta Pixel] - Duplicate Pixel ID: 1131643220187654. @ https://cdn.quantummetric.com/qscripts/quantum-wu.js:112
[   19320ms] [ERROR] Attestation check for Attribution Reporting on https://www.facebook.com failed. @ https://www.westernunion.com/jp/ja/web/send-money/start:0
[   19678ms] [WARNING] QM: API Listener caught exception: SyntaxError: Unexpected token 'Q', "QM: Unable"... is not valid JSON @ https://cdn.quantummetric.com/qscripts/quantum-wu.js:434
[   20449ms] [LOG] --------------R3 AEP Web SDK track link click fired----------- @ https://cdn.quantummetric.com/qscripts/quantum-wu.js:112
[   20481ms] [INFO] [OPTIMIZELY] - INFO  2026-04-12T10:36:35.835Z DECISION_SERVICE: Audiences for rule Everyone Else collectively evaluated to TRUE. @ https://cdn.quantummetric.com/qscripts/quantum-wu.js:112
[   20481ms] [INFO] [OPTIMIZELY] - INFO  2026-04-12T10:36:35.835Z OPTIMIZELY: Feature forget_password_mfa is not enabled for user a2aba4f6-bf0c-4fde-91f6-256ca3d115d6. @ https://cdn.quantummetric.com/qscripts/quantum-wu.js:112
[   20481ms] [WARNING] [OPTIMIZELY] - WARN  2026-04-12T10:36:35.836Z OPTIMIZELY: Event key default-rollout-360670-451731670190945 is not in datafile. @ https://cdn.quantummetric.com/qscripts/quantum-wu.js:112
[   20481ms] [WARNING] [OPTIMIZELY] - WARN  2026-04-12T10:36:35.836Z OPTIMIZELY: Not tracking user a2aba4f6-bf0c-4fde-91f6-256ca3d115d6. @ https://cdn.quantummetric.com/qscripts/quantum-wu.js:112
[   21053ms] [INFO] [OPTIMIZELY] - INFO  2026-04-12T10:36:36.407Z DECISION_SERVICE: Audiences for rule Everyone Else collectively evaluated to TRUE. @ https://cdn.quantummetric.com/qscripts/quantum-wu.js:112
[   21053ms] [INFO] [OPTIMIZELY] - INFO  2026-04-12T10:36:36.408Z OPTIMIZELY: Feature forget_password_mfa is not enabled for user a2aba4f6-bf0c-4fde-91f6-256ca3d115d6. @ https://cdn.quantummetric.com/qscripts/quantum-wu.js:112
[   21054ms] [WARNING] [OPTIMIZELY] - WARN  2026-04-12T10:36:36.408Z OPTIMIZELY: Event key default-rollout-360670-451731670190945 is not in datafile. @ https://cdn.quantummetric.com/qscripts/quantum-wu.js:112
[   21054ms] [WARNING] [OPTIMIZELY] - WARN  2026-04-12T10:36:36.408Z OPTIMIZELY: Not tracking user a2aba4f6-bf0c-4fde-91f6-256ca3d115d6. @ https://cdn.quantummetric.com/qscripts/quantum-wu.js:112
[   21680ms] [ERROR] Failed to load resource: the server responded with a status of 411 () @ https://www.westernunion.com/public/2c77fe10afaf343192c266f18d605a88f1ef6acf2f2a/collect?t=1775990196320&st=19934&s=WXPQiDBAuD3JLq4j&ss=3&c=66f18d605a88f1ef6acf2f2a&r=cjDtUe8VzI1hOblC&d=2&u=https%3A%2F%2Fwww.westernunion.com%2Fjp%2Fja%2Fweb%2Fsend-money%2Fstart&v=746701751&p=1&bv=10&rh=0&pi=1736&pl=4537&pwl=4555&ple=4538&psd=-1&ppu=0&psl=45&pfu=-1&phe=-1&pue=-1&pbc=96&pnu=-1&pnc=-1&pnr=-1&fsp=0&sp=0&pp=0&ah=0&sd=1&sm=2&tr=2:0
[   21689ms] [INFO] [OPTIMIZELY] - INFO  2026-04-12T10:36:37.044Z DECISION_SERVICE: Audiences for rule Everyone Else collectively evaluated to TRUE. @ https://cdn.quantummetric.com/qscripts/quantum-wu.js:112
[   21689ms] [INFO] [OPTIMIZELY] - INFO  2026-04-12T10:36:37.044Z OPTIMIZELY: Feature forget_password_mfa is not enabled for user a2aba4f6-bf0c-4fde-91f6-256ca3d115d6. @ https://cdn.quantummetric.com/qscripts/quantum-wu.js:112
[   21689ms] [WARNING] [OPTIMIZELY] - WARN  2026-04-12T10:36:37.044Z OPTIMIZELY: Event key default-rollout-360670-451731670190945 is not in datafile. @ https://cdn.quantummetric.com/qscripts/quantum-wu.js:112
[   21690ms] [WARNING] [OPTIMIZELY] - WARN  2026-04-12T10:36:37.044Z OPTIMIZELY: Not tracking user a2aba4f6-bf0c-4fde-91f6-256ca3d115d6. @ https://cdn.quantummetric.com/qscripts/quantum-wu.js:112
[   21701ms] [VERBOSE] [DOM] Input elements should have autocomplete attributes (suggested: "current-password"): (More info: https://goo.gl/9p2vKq) %o @ https://www.westernunion.com/jp/ja/web/user/login:0
[   22321ms] [ERROR] Attestation check for Attribution Reporting on https://www.facebook.com failed. @ https://www.westernunion.com/jp/ja/web/user/login:0
[   22347ms] [INFO] [OPTIMIZELY] - INFO  2026-04-12T10:36:37.702Z DECISION_SERVICE: Audiences for rule Everyone Else collectively evaluated to TRUE. @ https://cdn.quantummetric.com/qscripts/quantum-wu.js:112
[   22348ms] [INFO] [OPTIMIZELY] - INFO  2026-04-12T10:36:37.702Z OPTIMIZELY: Feature forget_password_mfa is not enabled for user a2aba4f6-bf0c-4fde-91f6-256ca3d115d6. @ https://cdn.quantummetric.com/qscripts/quantum-wu.js:112
[   22348ms] [WARNING] [OPTIMIZELY] - WARN  2026-04-12T10:36:37.703Z OPTIMIZELY: Event key default-rollout-360670-451731670190945 is not in datafile. @ https://cdn.quantummetric.com/qscripts/quantum-wu.js:112
[   22348ms] [WARNING] [OPTIMIZELY] - WARN  2026-04-12T10:36:37.703Z OPTIMIZELY: Not tracking user a2aba4f6-bf0c-4fde-91f6-256ca3d115d6. @ https://cdn.quantummetric.com/qscripts/quantum-wu.js:112
[   22363ms] [INFO] [OPTIMIZELY] - INFO  2026-04-12T10:36:37.717Z DECISION_SERVICE: Audiences for rule Everyone Else collectively evaluated to TRUE. @ https://cdn.quantummetric.com/qscripts/quantum-wu.js:112
[   22363ms] [INFO] [OPTIMIZELY] - INFO  2026-04-12T10:36:37.717Z OPTIMIZELY: Feature forget_password_mfa is not enabled for user a2aba4f6-bf0c-4fde-91f6-256ca3d115d6. @ https://cdn.quantummetric.com/qscripts/quantum-wu.js:112
[   22363ms] [WARNING] [OPTIMIZELY] - WARN  2026-04-12T10:36:37.717Z OPTIMIZELY: Event key default-rollout-360670-451731670190945 is not in datafile. @ https://cdn.quantummetric.com/qscripts/quantum-wu.js:112
[   22363ms] [WARNING] [OPTIMIZELY] - WARN  2026-04-12T10:36:37.718Z OPTIMIZELY: Not tracking user a2aba4f6-bf0c-4fde-91f6-256ca3d115d6. @ https://cdn.quantummetric.com/qscripts/quantum-wu.js:112
[   22454ms] [LOG] -------------R3 AEP Web SDK page load fired------------- @ https://cdn.quantummetric.com/qscripts/quantum-wu.js:112
[   22533ms] [INFO] [OPTIMIZELY] - INFO  2026-04-12T10:36:37.888Z DECISION_SERVICE: Audiences for rule Everyone Else collectively evaluated to TRUE. @ https://cdn.quantummetric.com/qscripts/quantum-wu.js:112
[   22534ms] [INFO] [OPTIMIZELY] - INFO  2026-04-12T10:36:37.888Z OPTIMIZELY: Feature forget_password_mfa is not enabled for user a2aba4f6-bf0c-4fde-91f6-256ca3d115d6. @ https://cdn.quantummetric.com/qscripts/quantum-wu.js:112
[   22534ms] [WARNING] [OPTIMIZELY] - WARN  2026-04-12T10:36:37.888Z OPTIMIZELY: Event key default-rollout-360670-451731670190945 is not in datafile. @ https://cdn.quantummetric.com/qscripts/quantum-wu.js:112
[   22534ms] [WARNING] [OPTIMIZELY] - WARN  2026-04-12T10:36:37.888Z OPTIMIZELY: Not tracking user a2aba4f6-bf0c-4fde-91f6-256ca3d115d6. @ https://cdn.quantummetric.com/qscripts/quantum-wu.js:112
[   22710ms] [INFO] Pinterest Tag Error: 'load' command was called multiple times.  Previously for tag id '%s', now for tag id '%s'. 2614009158756 2614009158756 @ https://cdn.quantummetric.com/qscripts/quantum-wu.js:112
[   22739ms] [LOG] Hello from One Trust Cookie Consent Loop[object Object] @ https://cdn.quantummetric.com/qscripts/quantum-wu.js:112
[   22907ms] [WARNING] [TikTok Pixel] - Duplicate Pixel ID
Issue: The pixel ID is duplicate. This could impact the pixel data accuracy.
Suggestion: Please double check and delete any unnecessary pixel code. @ https://cdn.quantummetric.com/qscripts/quantum-wu.js:112
[   22933ms] [ERROR] Attestation check for Attribution Reporting on https://www.facebook.com failed. @ https://www.westernunion.com/jp/ja/web/user/login:0
[   23054ms] [LOG] %c2026-04-12T10:36:38.409Z LOG [main.c72568e3234b953d.js:1:349366] color:gray hadoopAnalyticService Response- {status: OK} @ https://cdn.quantummetric.com/qscripts/quantum-wu.js:112
[   23055ms] [LOG] %c2026-04-12T10:36:38.409Z LOG [main.c72568e3234b953d.js:1:224606] color:gray Hadoop Analytic api post done... @ https://cdn.quantummetric.com/qscripts/quantum-wu.js:112
[   26964ms] [LOG] --------------R3 AEP Web SDK track link click fired----------- @ https://cdn.quantummetric.com/qscripts/quantum-wu.js:112
[   26979ms] [INFO] [OPTIMIZELY] - INFO  2026-04-12T10:36:42.333Z DECISION_SERVICE: Audiences for rule Everyone Else collectively evaluated to TRUE. @ https://cdn.quantummetric.com/qscripts/quantum-wu.js:112
[   26979ms] [INFO] [OPTIMIZELY] - INFO  2026-04-12T10:36:42.333Z OPTIMIZELY: Feature forget_password_mfa is not enabled for user a2aba4f6-bf0c-4fde-91f6-256ca3d115d6. @ https://cdn.quantummetric.com/qscripts/quantum-wu.js:112
[   26979ms] [WARNING] [OPTIMIZELY] - WARN  2026-04-12T10:36:42.333Z OPTIMIZELY: Event key default-rollout-360670-451731670190945 is not in datafile. @ https://cdn.quantummetric.com/qscripts/quantum-wu.js:112
[   26979ms] [WARNING] [OPTIMIZELY] - WARN  2026-04-12T10:36:42.334Z OPTIMIZELY: Not tracking user a2aba4f6-bf0c-4fde-91f6-256ca3d115d6. @ https://cdn.quantummetric.com/qscripts/quantum-wu.js:112
[   27266ms] [LOG] %c2026-04-12T10:36:42.620Z LOG [main.c72568e3234b953d.js:1:349520] color:gray hadoopAnalyticService Response- {status: OK} @ https://cdn.quantummetric.com/qscripts/quantum-wu.js:112
[   27266ms] [LOG] %c2026-04-12T10:36:42.620Z LOG [main.c72568e3234b953d.js:1:224606] color:gray Hadoop Analytic api post done... @ https://cdn.quantummetric.com/qscripts/quantum-wu.js:112
[   28805ms] [INFO] [OPTIMIZELY] - INFO  2026-04-12T10:36:44.159Z DECISION_SERVICE: Audiences for rule Everyone Else collectively evaluated to TRUE. @ https://cdn.quantummetric.com/qscripts/quantum-wu.js:112
[   28806ms] [INFO] [OPTIMIZELY] - INFO  2026-04-12T10:36:44.160Z OPTIMIZELY: Feature forget_password_mfa is not enabled for user a2aba4f6-bf0c-4fde-91f6-256ca3d115d6. @ https://cdn.quantummetric.com/qscripts/quantum-wu.js:112
[   28806ms] [WARNING] [OPTIMIZELY] - WARN  2026-04-12T10:36:44.160Z OPTIMIZELY: Event key default-rollout-360670-451731670190945 is not in datafile. @ https://cdn.quantummetric.com/qscripts/quantum-wu.js:112
[   28806ms] [WARNING] [OPTIMIZELY] - WARN  2026-04-12T10:36:44.160Z OPTIMIZELY: Not tracking user a2aba4f6-bf0c-4fde-91f6-256ca3d115d6. @ https://cdn.quantummetric.com/qscripts/quantum-wu.js:112
[   29104ms] [LOG] %c2026-04-12T10:36:44.458Z LOG [main.c72568e3234b953d.js:1:349520] color:gray hadoopAnalyticService Response- {status: OK} @ https://cdn.quantummetric.com/qscripts/quantum-wu.js:112
[   29104ms] [LOG] %c2026-04-12T10:36:44.458Z LOG [main.c72568e3234b953d.js:1:224606] color:gray Hadoop Analytic api post done... @ https://cdn.quantummetric.com/qscripts/quantum-wu.js:112
[   29221ms] [ERROR] {} @ https://cdn.quantummetric.com/qscripts/quantum-wu.js:112
[   29272ms] [INFO] [OPTIMIZELY] - INFO  2026-04-12T10:36:44.627Z DECISION_SERVICE: Audiences for rule Everyone Else collectively evaluated to TRUE. @ https://cdn.quantummetric.com/qscripts/quantum-wu.js:112
[   29273ms] [INFO] [OPTIMIZELY] - INFO  2026-04-12T10:36:44.627Z OPTIMIZELY: Feature forget_password_mfa is not enabled for user a2aba4f6-bf0c-4fde-91f6-256ca3d115d6. @ https://cdn.quantummetric.com/qscripts/quantum-wu.js:112
[   29273ms] [WARNING] [OPTIMIZELY] - WARN  2026-04-12T10:36:44.627Z OPTIMIZELY: Event key default-rollout-360670-451731670190945 is not in datafile. @ https://cdn.quantummetric.com/qscripts/quantum-wu.js:112
[   29273ms] [WARNING] [OPTIMIZELY] - WARN  2026-04-12T10:36:44.628Z OPTIMIZELY: Not tracking user a2aba4f6-bf0c-4fde-91f6-256ca3d115d6. @ https://cdn.quantummetric.com/qscripts/quantum-wu.js:112
[   29362ms] [INFO] [OPTIMIZELY] - INFO  2026-04-12T10:36:44.717Z DECISION_SERVICE: Audiences for rule Everyone Else collectively evaluated to TRUE. @ https://cdn.quantummetric.com/qscripts/quantum-wu.js:112
[   29363ms] [INFO] [OPTIMIZELY] - INFO  2026-04-12T10:36:44.717Z OPTIMIZELY: Feature forget_password_mfa is not enabled for user a2aba4f6-bf0c-4fde-91f6-256ca3d115d6. @ https://cdn.quantummetric.com/qscripts/quantum-wu.js:112
[   29363ms] [WARNING] [OPTIMIZELY] - WARN  2026-04-12T10:36:44.717Z OPTIMIZELY: Event key default-rollout-360670-451731670190945 is not in datafile. @ https://cdn.quantummetric.com/qscripts/quantum-wu.js:112
[   29363ms] [WARNING] [OPTIMIZELY] - WARN  2026-04-12T10:36:44.717Z OPTIMIZELY: Not tracking user a2aba4f6-bf0c-4fde-91f6-256ca3d115d6. @ https://cdn.quantummetric.com/qscripts/quantum-wu.js:112
[   29373ms] [LOG] [Amplitude] WARNING: Property key "execution_time" with invalid value type nan, ignoring @ https://cdn.quantummetric.com/qscripts/quantum-wu.js:112
[   29438ms] [INFO] [OPTIMIZELY] - INFO  2026-04-12T10:36:44.792Z DECISION_SERVICE: Audiences for rule Everyone Else collectively evaluated to TRUE. @ https://cdn.quantummetric.com/qscripts/quantum-wu.js:112
[   29438ms] [INFO] [OPTIMIZELY] - INFO  2026-04-12T10:36:44.793Z OPTIMIZELY: Feature forget_password_mfa is not enabled for user a2aba4f6-bf0c-4fde-91f6-256ca3d115d6. @ https://cdn.quantummetric.com/qscripts/quantum-wu.js:112
[   29438ms] [WARNING] [OPTIMIZELY] - WARN  2026-04-12T10:36:44.793Z OPTIMIZELY: Event key default-rollout-360670-451731670190945 is not in datafile. @ https://cdn.quantummetric.com/qscripts/quantum-wu.js:112
[   29438ms] [WARNING] [OPTIMIZELY] - WARN  2026-04-12T10:36:44.793Z OPTIMIZELY: Not tracking user a2aba4f6-bf0c-4fde-91f6-256ca3d115d6. @ https://cdn.quantummetric.com/qscripts/quantum-wu.js:112
[   29497ms] [ERROR] {} @ https://cdn.quantummetric.com/qscripts/quantum-wu.js:112
[   29579ms] [INFO] [OPTIMIZELY] - INFO  2026-04-12T10:36:44.933Z DECISION_SERVICE: Audiences for rule Everyone Else collectively evaluated to TRUE. @ https://cdn.quantummetric.com/qscripts/quantum-wu.js:112
[   29579ms] [INFO] [OPTIMIZELY] - INFO  2026-04-12T10:36:44.934Z OPTIMIZELY: Feature forget_password_mfa is not enabled for user a2aba4f6-bf0c-4fde-91f6-256ca3d115d6. @ https://cdn.quantummetric.com/qscripts/quantum-wu.js:112
[   29580ms] [WARNING] [OPTIMIZELY] - WARN  2026-04-12T10:36:44.934Z OPTIMIZELY: Event key default-rollout-360670-451731670190945 is not in datafile. @ https://cdn.quantummetric.com/qscripts/quantum-wu.js:112
[   29580ms] [WARNING] [OPTIMIZELY] - WARN  2026-04-12T10:36:44.934Z OPTIMIZELY: Not tracking user a2aba4f6-bf0c-4fde-91f6-256ca3d115d6. @ https://cdn.quantummetric.com/qscripts/quantum-wu.js:112
[   30643ms] [INFO] [OPTIMIZELY] - INFO  2026-04-12T10:36:45.997Z DECISION_SERVICE: Audiences for rule Everyone Else collectively evaluated to TRUE. @ https://cdn.quantummetric.com/qscripts/quantum-wu.js:112
[   30643ms] [INFO] [OPTIMIZELY] - INFO  2026-04-12T10:36:45.998Z OPTIMIZELY: Feature forget_password_mfa is not enabled for user a2aba4f6-bf0c-4fde-91f6-256ca3d115d6. @ https://cdn.quantummetric.com/qscripts/quantum-wu.js:112
[   30643ms] [WARNING] [OPTIMIZELY] - WARN  2026-04-12T10:36:45.998Z OPTIMIZELY: Event key default-rollout-360670-451731670190945 is not in datafile. @ https://cdn.quantummetric.com/qscripts/quantum-wu.js:112
[   30644ms] [WARNING] [OPTIMIZELY] - WARN  2026-04-12T10:36:45.998Z OPTIMIZELY: Not tracking user a2aba4f6-bf0c-4fde-91f6-256ca3d115d6. @ https://cdn.quantummetric.com/qscripts/quantum-wu.js:112
[   30726ms] [INFO] [OPTIMIZELY] - INFO  2026-04-12T10:36:46.081Z DECISION_SERVICE: Audiences for rule Everyone Else collectively evaluated to TRUE. @ https://cdn.quantummetric.com/qscripts/quantum-wu.js:112
[   30726ms] [INFO] [OPTIMIZELY] - INFO  2026-04-12T10:36:46.081Z OPTIMIZELY: Feature forget_password_mfa is not enabled for user a2aba4f6-bf0c-4fde-91f6-256ca3d115d6. @ https://cdn.quantummetric.com/qscripts/quantum-wu.js:112
[   30726ms] [WARNING] [OPTIMIZELY] - WARN  2026-04-12T10:36:46.081Z OPTIMIZELY: Event key default-rollout-360670-451731670190945 is not in datafile. @ https://cdn.quantummetric.com/qscripts/quantum-wu.js:112
[   30726ms] [WARNING] [OPTIMIZELY] - WARN  2026-04-12T10:36:46.081Z OPTIMIZELY: Not tracking user a2aba4f6-bf0c-4fde-91f6-256ca3d115d6. @ https://cdn.quantummetric.com/qscripts/quantum-wu.js:112
[   30741ms] [LOG] -------------R3 AEP Web SDK page load fired------------- @ https://cdn.quantummetric.com/qscripts/quantum-wu.js:112
[   30820ms] [INFO] [OPTIMIZELY] - INFO  2026-04-12T10:36:46.175Z DECISION_SERVICE: Audiences for rule Everyone Else collectively evaluated to TRUE. @ https://cdn.quantummetric.com/qscripts/quantum-wu.js:112
[   30821ms] [INFO] [OPTIMIZELY] - INFO  2026-04-12T10:36:46.175Z OPTIMIZELY: Feature forget_password_mfa is not enabled for user a2aba4f6-bf0c-4fde-91f6-256ca3d115d6. @ https://cdn.quantummetric.com/qscripts/quantum-wu.js:112
[   30821ms] [WARNING] [OPTIMIZELY] - WARN  2026-04-12T10:36:46.175Z OPTIMIZELY: Event key default-rollout-360670-451731670190945 is not in datafile. @ https://cdn.quantummetric.com/qscripts/quantum-wu.js:112
[   30821ms] [WARNING] [OPTIMIZELY] - WARN  2026-04-12T10:36:46.176Z OPTIMIZELY: Not tracking user a2aba4f6-bf0c-4fde-91f6-256ca3d115d6. @ https://cdn.quantummetric.com/qscripts/quantum-wu.js:112
[   30988ms] [INFO] [OPTIMIZELY] - INFO  2026-04-12T10:36:46.343Z DECISION_SERVICE: Audiences for rule Everyone Else collectively evaluated to TRUE. @ https://cdn.quantummetric.com/qscripts/quantum-wu.js:112
[   30989ms] [INFO] [OPTIMIZELY] - INFO  2026-04-12T10:36:46.343Z OPTIMIZELY: Feature forget_password_mfa is not enabled for user a2aba4f6-bf0c-4fde-91f6-256ca3d115d6. @ https://cdn.quantummetric.com/qscripts/quantum-wu.js:112
[   30989ms] [WARNING] [OPTIMIZELY] - WARN  2026-04-12T10:36:46.343Z OPTIMIZELY: Event key default-rollout-360670-451731670190945 is not in datafile. @ https://cdn.quantummetric.com/qscripts/quantum-wu.js:112
[   30989ms] [WARNING] [OPTIMIZELY] - WARN  2026-04-12T10:36:46.344Z OPTIMIZELY: Not tracking user a2aba4f6-bf0c-4fde-91f6-256ca3d115d6. @ https://cdn.quantummetric.com/qscripts/quantum-wu.js:112
[   31001ms] [LOG] [Amplitude] WARNING: Property key "execution_time" with invalid value type nan, ignoring @ https://cdn.quantummetric.com/qscripts/quantum-wu.js:112
[   31059ms] [INFO] [OPTIMIZELY] - INFO  2026-04-12T10:36:46.413Z DECISION_SERVICE: Audiences for rule Everyone Else collectively evaluated to TRUE. @ https://cdn.quantummetric.com/qscripts/quantum-wu.js:112
[   31059ms] [INFO] [OPTIMIZELY] - INFO  2026-04-12T10:36:46.414Z OPTIMIZELY: Feature forget_password_mfa is not enabled for user a2aba4f6-bf0c-4fde-91f6-256ca3d115d6. @ https://cdn.quantummetric.com/qscripts/quantum-wu.js:112
[   31059ms] [WARNING] [OPTIMIZELY] - WARN  2026-04-12T10:36:46.414Z OPTIMIZELY: Event key default-rollout-360670-451731670190945 is not in datafile. @ https://cdn.quantummetric.com/qscripts/quantum-wu.js:112
[   31060ms] [WARNING] [OPTIMIZELY] - WARN  2026-04-12T10:36:46.414Z OPTIMIZELY: Not tracking user a2aba4f6-bf0c-4fde-91f6-256ca3d115d6. @ https://cdn.quantummetric.com/qscripts/quantum-wu.js:112
[   31524ms] [INFO] [OPTIMIZELY] - INFO  2026-04-12T10:36:46.878Z DECISION_SERVICE: Audiences for rule Everyone Else collectively evaluated to TRUE. @ https://cdn.quantummetric.com/qscripts/quantum-wu.js:112
[   31524ms] [INFO] [OPTIMIZELY] - INFO  2026-04-12T10:36:46.879Z OPTIMIZELY: Feature forget_password_mfa is not enabled for user a2aba4f6-bf0c-4fde-91f6-256ca3d115d6. @ https://cdn.quantummetric.com/qscripts/quantum-wu.js:112
[   31525ms] [WARNING] [OPTIMIZELY] - WARN  2026-04-12T10:36:46.879Z OPTIMIZELY: Event key default-rollout-360670-451731670190945 is not in datafile. @ https://cdn.quantummetric.com/qscripts/quantum-wu.js:112
[   31525ms] [WARNING] [OPTIMIZELY] - WARN  2026-04-12T10:36:46.879Z OPTIMIZELY: Not tracking user a2aba4f6-bf0c-4fde-91f6-256ca3d115d6. @ https://cdn.quantummetric.com/qscripts/quantum-wu.js:112
[   31531ms] [LOG] [Amplitude] WARNING: Property key "execution_time" with invalid value type nan, ignoring @ https://cdn.quantummetric.com/qscripts/quantum-wu.js:112
[   31608ms] [ERROR] Attestation check for Attribution Reporting on https://www.facebook.com failed. @ https://www.westernunion.com/jp/ja/web/send-money/start:0
[   31966ms] [INFO] Pinterest Tag Error: 'load' command was called multiple times.  Previously for tag id '%s', now for tag id '%s'. 2614009158756 2614009158756 @ https://cdn.quantummetric.com/qscripts/quantum-wu.js:112
[   32021ms] [LOG] Hello from One Trust Cookie Consent Loop[object Object] @ https://cdn.quantummetric.com/qscripts/quantum-wu.js:112
[   32457ms] [ERROR] Attestation check for Attribution Reporting on https://www.facebook.com failed. @ https://www.westernunion.com/jp/ja/web/send-money/start:0
[   32511ms] [INFO] [OPTIMIZELY] - INFO  2026-04-12T10:36:47.865Z DECISION_SERVICE: Audiences for rule Everyone Else collectively evaluated to TRUE. @ https://cdn.quantummetric.com/qscripts/quantum-wu.js:112
[   32511ms] [INFO] [OPTIMIZELY] - INFO  2026-04-12T10:36:47.866Z OPTIMIZELY: Feature forget_password_mfa is not enabled for user a2aba4f6-bf0c-4fde-91f6-256ca3d115d6. @ https://cdn.quantummetric.com/qscripts/quantum-wu.js:112
[   32511ms] [WARNING] [OPTIMIZELY] - WARN  2026-04-12T10:36:47.866Z OPTIMIZELY: Event key default-rollout-360670-451731670190945 is not in datafile. @ https://cdn.quantummetric.com/qscripts/quantum-wu.js:112
[   32511ms] [WARNING] [OPTIMIZELY] - WARN  2026-04-12T10:36:47.866Z OPTIMIZELY: Not tracking user a2aba4f6-bf0c-4fde-91f6-256ca3d115d6. @ https://cdn.quantummetric.com/qscripts/quantum-wu.js:112
[   32829ms] [WARNING] [TikTok Pixel] - Duplicate Pixel ID
Issue: The pixel ID is duplicate. This could impact the pixel data accuracy.
Suggestion: Please double check and delete any unnecessary pixel code. @ https://cdn.quantummetric.com/qscripts/quantum-wu.js:112
[   33166ms] [INFO] [OPTIMIZELY] - INFO  2026-04-12T10:36:48.520Z DECISION_SERVICE: Audiences for rule Everyone Else collectively evaluated to TRUE. @ https://cdn.quantummetric.com/qscripts/quantum-wu.js:112
[   33166ms] [INFO] [OPTIMIZELY] - INFO  2026-04-12T10:36:48.520Z OPTIMIZELY: Feature forget_password_mfa is not enabled for user a2aba4f6-bf0c-4fde-91f6-256ca3d115d6. @ https://cdn.quantummetric.com/qscripts/quantum-wu.js:112
[   33166ms] [WARNING] [OPTIMIZELY] - WARN  2026-04-12T10:36:48.520Z OPTIMIZELY: Event key default-rollout-360670-451731670190945 is not in datafile. @ https://cdn.quantummetric.com/qscripts/quantum-wu.js:112
[   33166ms] [WARNING] [OPTIMIZELY] - WARN  2026-04-12T10:36:48.521Z OPTIMIZELY: Not tracking user a2aba4f6-bf0c-4fde-91f6-256ca3d115d6. @ https://cdn.quantummetric.com/qscripts/quantum-wu.js:112
[   33384ms] [LOG] %c2026-04-12T10:36:48.739Z LOG [main.c72568e3234b953d.js:1:2407227] color:gray ...pricing api post done... @ https://cdn.quantummetric.com/qscripts/quantum-wu.js:112
[   33598ms] [WARNING] [TikTok Pixel] - Missing 'content_id' paramter
Issue: The 'content_id' parameter isn't being received. This is required for Video Shopping Ads (VSA).
Suggestion: Include the 'content_id' parameter in your source code. This is required for Video Shopping Ads (VSA). See https://ads.tiktok.com/help/article/standard-events-parameters?redirected=2 for more information. @ https://cdn.quantummetric.com/qscripts/quantum-wu.js:112
[   33598ms] [WARNING] [TikTok Pixel] - Invalid content type
Issue: The content type for one or more of your events is not valid. Content type must be either "product", "product_group", "destination", "hotel", "flight" or "vehicle".
Suggestion: Go to your source code and update the content type. See https://ads.tiktok.com/help/article/standard-events-parameters?redirected=2 for more information. @ https://cdn.quantummetric.com/qscripts/quantum-wu.js:112
[   35068ms] [INFO] [OPTIMIZELY] - INFO  2026-04-12T10:36:50.423Z DECISION_SERVICE: Audiences for rule Everyone Else collectively evaluated to TRUE. @ https://cdn.quantummetric.com/qscripts/quantum-wu.js:112
[   35069ms] [INFO] [OPTIMIZELY] - INFO  2026-04-12T10:36:50.423Z OPTIMIZELY: Feature forget_password_mfa is not enabled for user a2aba4f6-bf0c-4fde-91f6-256ca3d115d6. @ https://cdn.quantummetric.com/qscripts/quantum-wu.js:112
[   35069ms] [WARNING] [OPTIMIZELY] - WARN  2026-04-12T10:36:50.423Z OPTIMIZELY: Event key default-rollout-360670-451731670190945 is not in datafile. @ https://cdn.quantummetric.com/qscripts/quantum-wu.js:112
[   35069ms] [WARNING] [OPTIMIZELY] - WARN  2026-04-12T10:36:50.423Z OPTIMIZELY: Not tracking user a2aba4f6-bf0c-4fde-91f6-256ca3d115d6. @ https://cdn.quantummetric.com/qscripts/quantum-wu.js:112
[   35385ms] [INFO] [OPTIMIZELY] - INFO  2026-04-12T10:36:50.740Z DECISION_SERVICE: Audiences for rule Everyone Else collectively evaluated to TRUE. @ https://cdn.quantummetric.com/qscripts/quantum-wu.js:112
[   35386ms] [INFO] [OPTIMIZELY] - INFO  2026-04-12T10:36:50.740Z OPTIMIZELY: Feature forget_password_mfa is not enabled for user a2aba4f6-bf0c-4fde-91f6-256ca3d115d6. @ https://cdn.quantummetric.com/qscripts/quantum-wu.js:112
[   35386ms] [WARNING] [OPTIMIZELY] - WARN  2026-04-12T10:36:50.740Z OPTIMIZELY: Event key default-rollout-360670-451731670190945 is not in datafile. @ https://cdn.quantummetric.com/qscripts/quantum-wu.js:112
[   35386ms] [WARNING] [OPTIMIZELY] - WARN  2026-04-12T10:36:50.740Z OPTIMIZELY: Not tracking user a2aba4f6-bf0c-4fde-91f6-256ca3d115d6. @ https://cdn.quantummetric.com/qscripts/quantum-wu.js:112
[   35393ms] [LOG] [Amplitude] WARNING: Property key "execution_time" with invalid value type nan, ignoring @ https://cdn.quantummetric.com/qscripts/quantum-wu.js:112
[   35659ms] [WARNING] [TikTok Pixel] - Duplicate Pixel ID
Issue: The pixel ID is duplicate. This could impact the pixel data accuracy.
Suggestion: Please double check and delete any unnecessary pixel code. @ https://cdn.quantummetric.com/qscripts/quantum-wu.js:112
[   36490ms] [WARNING] [TikTok Pixel] - Missing 'content_id' paramter
Issue: The 'content_id' parameter isn't being received. This is required for Video Shopping Ads (VSA).
Suggestion: Include the 'content_id' parameter in your source code. This is required for Video Shopping Ads (VSA). See https://ads.tiktok.com/help/article/standard-events-parameters?redirected=2 for more information. @ https://cdn.quantummetric.com/qscripts/quantum-wu.js:112
[   36491ms] [WARNING] [TikTok Pixel] - Invalid content type
Issue: The content type for one or more of your events is not valid. Content type must be either "product", "product_group", "destination", "hotel", "flight" or "vehicle".
Suggestion: Go to your source code and update the content type. See https://ads.tiktok.com/help/article/standard-events-parameters?redirected=2 for more information. @ https://cdn.quantummetric.com/qscripts/quantum-wu.js:112
[   36951ms] [INFO] [OPTIMIZELY] - INFO  2026-04-12T10:36:52.305Z DECISION_SERVICE: Audiences for rule Everyone Else collectively evaluated to TRUE. @ https://cdn.quantummetric.com/qscripts/quantum-wu.js:112
[   36951ms] [INFO] [OPTIMIZELY] - INFO  2026-04-12T10:36:52.306Z OPTIMIZELY: Feature forget_password_mfa is not enabled for user a2aba4f6-bf0c-4fde-91f6-256ca3d115d6. @ https://cdn.quantummetric.com/qscripts/quantum-wu.js:112
[   36951ms] [WARNING] [OPTIMIZELY] - WARN  2026-04-12T10:36:52.306Z OPTIMIZELY: Event key default-rollout-360670-451731670190945 is not in datafile. @ https://cdn.quantummetric.com/qscripts/quantum-wu.js:112
[   36952ms] [WARNING] [OPTIMIZELY] - WARN  2026-04-12T10:36:52.306Z OPTIMIZELY: Not tracking user a2aba4f6-bf0c-4fde-91f6-256ca3d115d6. @ https://cdn.quantummetric.com/qscripts/quantum-wu.js:112
[   37558ms] [INFO] [OPTIMIZELY] - INFO  2026-04-12T10:36:52.912Z DECISION_SERVICE: Audiences for rule Everyone Else collectively evaluated to TRUE. @ https://cdn.quantummetric.com/qscripts/quantum-wu.js:112
[   37558ms] [INFO] [OPTIMIZELY] - INFO  2026-04-12T10:36:52.912Z OPTIMIZELY: Feature forget_password_mfa is not enabled for user a2aba4f6-bf0c-4fde-91f6-256ca3d115d6. @ https://cdn.quantummetric.com/qscripts/quantum-wu.js:112
[   37558ms] [WARNING] [OPTIMIZELY] - WARN  2026-04-12T10:36:52.913Z OPTIMIZELY: Event key default-rollout-360670-451731670190945 is not in datafile. @ https://cdn.quantummetric.com/qscripts/quantum-wu.js:112
[   37558ms] [WARNING] [OPTIMIZELY] - WARN  2026-04-12T10:36:52.913Z OPTIMIZELY: Not tracking user a2aba4f6-bf0c-4fde-91f6-256ca3d115d6. @ https://cdn.quantummetric.com/qscripts/quantum-wu.js:112
[   37809ms] [LOG] %c2026-04-12T10:36:53.164Z LOG [main.c72568e3234b953d.js:1:2407227] color:gray ...pricing api post done... @ https://cdn.quantummetric.com/qscripts/quantum-wu.js:112
[   41281ms] [INFO] [OPTIMIZELY] - INFO  2026-04-12T10:36:56.635Z DECISION_SERVICE: Audiences for rule Everyone Else collectively evaluated to TRUE. @ https://cdn.quantummetric.com/qscripts/quantum-wu.js:112
[   41281ms] [INFO] [OPTIMIZELY] - INFO  2026-04-12T10:36:56.636Z OPTIMIZELY: Feature forget_password_mfa is not enabled for user a2aba4f6-bf0c-4fde-91f6-256ca3d115d6. @ https://cdn.quantummetric.com/qscripts/quantum-wu.js:112
[   41281ms] [WARNING] [OPTIMIZELY] - WARN  2026-04-12T10:36:56.636Z OPTIMIZELY: Event key default-rollout-360670-451731670190945 is not in datafile. @ https://cdn.quantummetric.com/qscripts/quantum-wu.js:112
[   41281ms] [WARNING] [OPTIMIZELY] - WARN  2026-04-12T10:36:56.636Z OPTIMIZELY: Not tracking user a2aba4f6-bf0c-4fde-91f6-256ca3d115d6. @ https://cdn.quantummetric.com/qscripts/quantum-wu.js:112
[   41360ms] [LOG] --------------R3 AEP Web SDK track link click fired----------- @ https://cdn.quantummetric.com/qscripts/quantum-wu.js:112
[   54893ms] [INFO] [OPTIMIZELY] - INFO  2026-04-12T10:37:10.247Z DECISION_SERVICE: Audiences for rule Everyone Else collectively evaluated to TRUE. @ https://cdn.quantummetric.com/qscripts/quantum-wu.js:112
[   54893ms] [INFO] [OPTIMIZELY] - INFO  2026-04-12T10:37:10.248Z OPTIMIZELY: Feature forget_password_mfa is not enabled for user a2aba4f6-bf0c-4fde-91f6-256ca3d115d6. @ https://cdn.quantummetric.com/qscripts/quantum-wu.js:112
[   54893ms] [WARNING] [OPTIMIZELY] - WARN  2026-04-12T10:37:10.248Z OPTIMIZELY: Event key default-rollout-360670-451731670190945 is not in datafile. @ https://cdn.quantummetric.com/qscripts/quantum-wu.js:112
[   54893ms] [WARNING] [OPTIMIZELY] - WARN  2026-04-12T10:37:10.248Z OPTIMIZELY: Not tracking user a2aba4f6-bf0c-4fde-91f6-256ca3d115d6. @ https://cdn.quantummetric.com/qscripts/quantum-wu.js:112
[   55053ms] [LOG] direct call corridor info initiated @ https://cdn.quantummetric.com/qscripts/quantum-wu.js:112
[   55514ms] [INFO] [OPTIMIZELY] - INFO  2026-04-12T10:37:10.868Z DECISION_SERVICE: Audiences for rule Everyone Else collectively evaluated to TRUE. @ https://cdn.quantummetric.com/qscripts/quantum-wu.js:112
[   55514ms] [INFO] [OPTIMIZELY] - INFO  2026-04-12T10:37:10.869Z OPTIMIZELY: Feature forget_password_mfa is not enabled for user a2aba4f6-bf0c-4fde-91f6-256ca3d115d6. @ https://cdn.quantummetric.com/qscripts/quantum-wu.js:112
[   55515ms] [WARNING] [OPTIMIZELY] - WARN  2026-04-12T10:37:10.869Z OPTIMIZELY: Event key default-rollout-360670-451731670190945 is not in datafile. @ https://cdn.quantummetric.com/qscripts/quantum-wu.js:112
[   55515ms] [WARNING] [OPTIMIZELY] - WARN  2026-04-12T10:37:10.869Z OPTIMIZELY: Not tracking user a2aba4f6-bf0c-4fde-91f6-256ca3d115d6. @ https://cdn.quantummetric.com/qscripts/quantum-wu.js:112
[   55732ms] [LOG] %c2026-04-12T10:37:11.086Z LOG [main.c72568e3234b953d.js:1:2407227] color:gray ...pricing api post done... @ https://cdn.quantummetric.com/qscripts/quantum-wu.js:112
[   72516ms] [INFO] [OPTIMIZELY] - INFO  2026-04-12T10:37:27.870Z DECISION_SERVICE: Audiences for rule Everyone Else collectively evaluated to TRUE. @ https://cdn.quantummetric.com/qscripts/quantum-wu.js:112
[   72516ms] [INFO] [OPTIMIZELY] - INFO  2026-04-12T10:37:27.870Z OPTIMIZELY: Feature forget_password_mfa is not enabled for user a2aba4f6-bf0c-4fde-91f6-256ca3d115d6. @ https://cdn.quantummetric.com/qscripts/quantum-wu.js:112
[   72516ms] [WARNING] [OPTIMIZELY] - WARN  2026-04-12T10:37:27.870Z OPTIMIZELY: Event key default-rollout-360670-451731670190945 is not in datafile. @ https://cdn.quantummetric.com/qscripts/quantum-wu.js:112
[   72516ms] [WARNING] [OPTIMIZELY] - WARN  2026-04-12T10:37:27.871Z OPTIMIZELY: Not tracking user a2aba4f6-bf0c-4fde-91f6-256ca3d115d6. @ https://cdn.quantummetric.com/qscripts/quantum-wu.js:112
[   72667ms] [LOG] cntlSMOfundsOut_AG @ https://cdn.quantummetric.com/qscripts/quantum-wu.js:112
[   84635ms] [LOG] --------------R3 AEP Web SDK track link click fired----------- @ https://cdn.quantummetric.com/qscripts/quantum-wu.js:112
[   84733ms] [INFO] [OPTIMIZELY] - INFO  2026-04-12T10:37:40.088Z DECISION_SERVICE: Audiences for rule Everyone Else collectively evaluated to TRUE. @ https://cdn.quantummetric.com/qscripts/quantum-wu.js:112
[   84734ms] [INFO] [OPTIMIZELY] - INFO  2026-04-12T10:37:40.088Z OPTIMIZELY: Feature forget_password_mfa is not enabled for user a2aba4f6-bf0c-4fde-91f6-256ca3d115d6. @ https://cdn.quantummetric.com/qscripts/quantum-wu.js:112
[   84734ms] [WARNING] [OPTIMIZELY] - WARN  2026-04-12T10:37:40.088Z OPTIMIZELY: Event key default-rollout-360670-451731670190945 is not in datafile. @ https://cdn.quantummetric.com/qscripts/quantum-wu.js:112
[   84734ms] [WARNING] [OPTIMIZELY] - WARN  2026-04-12T10:37:40.089Z OPTIMIZELY: Not tracking user a2aba4f6-bf0c-4fde-91f6-256ca3d115d6. @ https://cdn.quantummetric.com/qscripts/quantum-wu.js:112
[  107787ms] [INFO] [OPTIMIZELY] - INFO  2026-04-12T10:38:03.141Z DECISION_SERVICE: Audiences for rule Everyone Else collectively evaluated to TRUE. @ https://cdn.quantummetric.com/qscripts/quantum-wu.js:112
[  107787ms] [INFO] [OPTIMIZELY] - INFO  2026-04-12T10:38:03.142Z OPTIMIZELY: Feature forget_password_mfa is not enabled for user a2aba4f6-bf0c-4fde-91f6-256ca3d115d6. @ https://cdn.quantummetric.com/qscripts/quantum-wu.js:112
[  107787ms] [WARNING] [OPTIMIZELY] - WARN  2026-04-12T10:38:03.142Z OPTIMIZELY: Event key default-rollout-360670-451731670190945 is not in datafile. @ https://cdn.quantummetric.com/qscripts/quantum-wu.js:112
[  107787ms] [WARNING] [OPTIMIZELY] - WARN  2026-04-12T10:38:03.142Z OPTIMIZELY: Not tracking user a2aba4f6-bf0c-4fde-91f6-256ca3d115d6. @ https://cdn.quantummetric.com/qscripts/quantum-wu.js:112
[  107962ms] [LOG] direct call corridor info initiated @ https://cdn.quantummetric.com/qscripts/quantum-wu.js:112
[  108431ms] [INFO] [OPTIMIZELY] - INFO  2026-04-12T10:38:03.785Z DECISION_SERVICE: Audiences for rule Everyone Else collectively evaluated to TRUE. @ https://cdn.quantummetric.com/qscripts/quantum-wu.js:112
[  108431ms] [INFO] [OPTIMIZELY] - INFO  2026-04-12T10:38:03.785Z OPTIMIZELY: Feature forget_password_mfa is not enabled for user a2aba4f6-bf0c-4fde-91f6-256ca3d115d6. @ https://cdn.quantummetric.com/qscripts/quantum-wu.js:112
[  108431ms] [WARNING] [OPTIMIZELY] - WARN  2026-04-12T10:38:03.786Z OPTIMIZELY: Event key default-rollout-360670-451731670190945 is not in datafile. @ https://cdn.quantummetric.com/qscripts/quantum-wu.js:112
[  108431ms] [WARNING] [OPTIMIZELY] - WARN  2026-04-12T10:38:03.786Z OPTIMIZELY: Not tracking user a2aba4f6-bf0c-4fde-91f6-256ca3d115d6. @ https://cdn.quantummetric.com/qscripts/quantum-wu.js:112
[  108668ms] [LOG] %c2026-04-12T10:38:04.022Z LOG [main.c72568e3234b953d.js:1:2407227] color:gray ...pricing api post done... @ https://cdn.quantummetric.com/qscripts/quantum-wu.js:112
[  127416ms] [LOG] --------------R3 AEP Web SDK track link click fired----------- @ https://cdn.quantummetric.com/qscripts/quantum-wu.js:112
[  127838ms] [INFO] [OPTIMIZELY] - INFO  2026-04-12T10:38:23.192Z DECISION_SERVICE: Audiences for rule Everyone Else collectively evaluated to TRUE. @ https://cdn.quantummetric.com/qscripts/quantum-wu.js:112
[  127841ms] [INFO] [OPTIMIZELY] - INFO  2026-04-12T10:38:23.195Z OPTIMIZELY: Feature forget_password_mfa is not enabled for user a2aba4f6-bf0c-4fde-91f6-256ca3d115d6. @ https://cdn.quantummetric.com/qscripts/quantum-wu.js:112
[  127841ms] [WARNING] [OPTIMIZELY] - WARN  2026-04-12T10:38:23.196Z OPTIMIZELY: Event key default-rollout-360670-451731670190945 is not in datafile. @ https://cdn.quantummetric.com/qscripts/quantum-wu.js:112
[  127841ms] [WARNING] [OPTIMIZELY] - WARN  2026-04-12T10:38:23.196Z OPTIMIZELY: Not tracking user a2aba4f6-bf0c-4fde-91f6-256ca3d115d6. @ https://cdn.quantummetric.com/qscripts/quantum-wu.js:112
[  128280ms] [INFO] [OPTIMIZELY] - INFO  2026-04-12T10:38:23.635Z DECISION_SERVICE: Audiences for rule Everyone Else collectively evaluated to TRUE. @ https://cdn.quantummetric.com/qscripts/quantum-wu.js:112
[  128281ms] [INFO] [OPTIMIZELY] - INFO  2026-04-12T10:38:23.635Z OPTIMIZELY: Feature forget_password_mfa is not enabled for user a2aba4f6-bf0c-4fde-91f6-256ca3d115d6. @ https://cdn.quantummetric.com/qscripts/quantum-wu.js:112
[  128281ms] [WARNING] [OPTIMIZELY] - WARN  2026-04-12T10:38:23.635Z OPTIMIZELY: Event key default-rollout-360670-451731670190945 is not in datafile. @ https://cdn.quantummetric.com/qscripts/quantum-wu.js:112
[  128281ms] [WARNING] [OPTIMIZELY] - WARN  2026-04-12T10:38:23.635Z OPTIMIZELY: Not tracking user a2aba4f6-bf0c-4fde-91f6-256ca3d115d6. @ https://cdn.quantummetric.com/qscripts/quantum-wu.js:112
[  128534ms] [INFO] [OPTIMIZELY] - INFO  2026-04-12T10:38:23.888Z DECISION_SERVICE: Audiences for rule Everyone Else collectively evaluated to TRUE. @ https://cdn.quantummetric.com/qscripts/quantum-wu.js:112
[  128534ms] [INFO] [OPTIMIZELY] - INFO  2026-04-12T10:38:23.889Z OPTIMIZELY: Feature forget_password_mfa is not enabled for user a2aba4f6-bf0c-4fde-91f6-256ca3d115d6. @ https://cdn.quantummetric.com/qscripts/quantum-wu.js:112
[  128535ms] [WARNING] [OPTIMIZELY] - WARN  2026-04-12T10:38:23.889Z OPTIMIZELY: Event key default-rollout-360670-451731670190945 is not in datafile. @ https://cdn.quantummetric.com/qscripts/quantum-wu.js:112
[  128535ms] [WARNING] [OPTIMIZELY] - WARN  2026-04-12T10:38:23.890Z OPTIMIZELY: Not tracking user a2aba4f6-bf0c-4fde-91f6-256ca3d115d6. @ https://cdn.quantummetric.com/qscripts/quantum-wu.js:112
[  128596ms] [LOG] %c2026-04-12T10:38:23.950Z LOG [main.c72568e3234b953d.js:1:349520] color:gray hadoopAnalyticService Response- {status: OK} @ https://cdn.quantummetric.com/qscripts/quantum-wu.js:112
[  128597ms] [LOG] %c2026-04-12T10:38:23.951Z LOG [main.c72568e3234b953d.js:1:224606] color:gray Hadoop Analytic api post done... @ https://cdn.quantummetric.com/qscripts/quantum-wu.js:112
[  128631ms] [LOG] -------------R3 AEP Web SDK page load fired------------- @ https://cdn.quantummetric.com/qscripts/quantum-wu.js:112
[  128641ms] [ERROR] Attestation check for Attribution Reporting on https://www.facebook.com failed. @ https://www.westernunion.com/jp/ja/web/receiver:0
[  129145ms] [INFO] Pinterest Tag Error: 'load' command was called multiple times.  Previously for tag id '%s', now for tag id '%s'. 2614009158756 2614009158756 @ https://cdn.quantummetric.com/qscripts/quantum-wu.js:112
[  129181ms] [LOG] Hello from One Trust Cookie Consent Loop[object Object] @ https://cdn.quantummetric.com/qscripts/quantum-wu.js:112
[  129377ms] [WARNING] [TikTok Pixel] - Duplicate Pixel ID
Issue: The pixel ID is duplicate. This could impact the pixel data accuracy.
Suggestion: Please double check and delete any unnecessary pixel code. @ https://cdn.quantummetric.com/qscripts/quantum-wu.js:112
[  129394ms] [ERROR] Attestation check for Attribution Reporting on https://www.facebook.com failed. @ https://www.westernunion.com/jp/ja/web/receiver:0
[  129853ms] [LOG] --------------R3 AEP Web SDK track link click fired----------- @ https://cdn.quantummetric.com/qscripts/quantum-wu.js:112
[  129883ms] [INFO] [OPTIMIZELY] - INFO  2026-04-12T10:38:25.238Z DECISION_SERVICE: Audiences for rule Everyone Else collectively evaluated to TRUE. @ https://cdn.quantummetric.com/qscripts/quantum-wu.js:112
[  129883ms] [INFO] [OPTIMIZELY] - INFO  2026-04-12T10:38:25.238Z OPTIMIZELY: Feature forget_password_mfa is not enabled for user a2aba4f6-bf0c-4fde-91f6-256ca3d115d6. @ https://cdn.quantummetric.com/qscripts/quantum-wu.js:112
[  129884ms] [WARNING] [OPTIMIZELY] - WARN  2026-04-12T10:38:25.238Z OPTIMIZELY: Event key default-rollout-360670-451731670190945 is not in datafile. @ https://cdn.quantummetric.com/qscripts/quantum-wu.js:112
[  129884ms] [WARNING] [OPTIMIZELY] - WARN  2026-04-12T10:38:25.238Z OPTIMIZELY: Not tracking user a2aba4f6-bf0c-4fde-91f6-256ca3d115d6. @ https://cdn.quantummetric.com/qscripts/quantum-wu.js:112
[  129924ms] [LOG] -------------R3 AEP Web SDK page load fired------------- @ https://cdn.quantummetric.com/qscripts/quantum-wu.js:112
[  129983ms] [INFO] Pinterest Tag Error: 'load' command was called multiple times.  Previously for tag id '%s', now for tag id '%s'. 2614009158756 2614009158756 @ https://cdn.quantummetric.com/qscripts/quantum-wu.js:112
[  130026ms] [LOG] Hello from One Trust Cookie Consent Loop[object Object] @ https://cdn.quantummetric.com/qscripts/quantum-wu.js:112
[  130199ms] [WARNING] [TikTok Pixel] - Duplicate Pixel ID
Issue: The pixel ID is duplicate. This could impact the pixel data accuracy.
Suggestion: Please double check and delete any unnecessary pixel code. @ https://cdn.quantummetric.com/qscripts/quantum-wu.js:112
[  130243ms] [ERROR] Attestation check for Attribution Reporting on https://www.facebook.com failed. @ https://www.westernunion.com/jp/ja/web/receiver:0
[  133724ms] [LOG] --------------R3 AEP Web SDK track link click fired----------- @ https://cdn.quantummetric.com/qscripts/quantum-wu.js:112
[  133778ms] [INFO] [OPTIMIZELY] - INFO  2026-04-12T10:38:29.133Z DECISION_SERVICE: Audiences for rule Everyone Else collectively evaluated to TRUE. @ https://cdn.quantummetric.com/qscripts/quantum-wu.js:112
[  133779ms] [INFO] [OPTIMIZELY] - INFO  2026-04-12T10:38:29.133Z OPTIMIZELY: Feature forget_password_mfa is not enabled for user a2aba4f6-bf0c-4fde-91f6-256ca3d115d6. @ https://cdn.quantummetric.com/qscripts/quantum-wu.js:112
[  133779ms] [WARNING] [OPTIMIZELY] - WARN  2026-04-12T10:38:29.133Z OPTIMIZELY: Event key default-rollout-360670-451731670190945 is not in datafile. @ https://cdn.quantummetric.com/qscripts/quantum-wu.js:112
[  133779ms] [WARNING] [OPTIMIZELY] - WARN  2026-04-12T10:38:29.133Z OPTIMIZELY: Not tracking user a2aba4f6-bf0c-4fde-91f6-256ca3d115d6. @ https://cdn.quantummetric.com/qscripts/quantum-wu.js:112
[  134774ms] [INFO] [OPTIMIZELY] - INFO  2026-04-12T10:38:30.128Z DECISION_SERVICE: Audiences for rule Everyone Else collectively evaluated to TRUE. @ https://cdn.quantummetric.com/qscripts/quantum-wu.js:112
[  134774ms] [INFO] [OPTIMIZELY] - INFO  2026-04-12T10:38:30.129Z OPTIMIZELY: Feature forget_password_mfa is not enabled for user a2aba4f6-bf0c-4fde-91f6-256ca3d115d6. @ https://cdn.quantummetric.com/qscripts/quantum-wu.js:112
[  134774ms] [WARNING] [OPTIMIZELY] - WARN  2026-04-12T10:38:30.129Z OPTIMIZELY: Event key default-rollout-360670-451731670190945 is not in datafile. @ https://cdn.quantummetric.com/qscripts/quantum-wu.js:112
[  134774ms] [WARNING] [OPTIMIZELY] - WARN  2026-04-12T10:38:30.129Z OPTIMIZELY: Not tracking user a2aba4f6-bf0c-4fde-91f6-256ca3d115d6. @ https://cdn.quantummetric.com/qscripts/quantum-wu.js:112
[  145179ms] [INFO] [OPTIMIZELY] - INFO  2026-04-12T10:38:40.533Z DECISION_SERVICE: Audiences for rule Everyone Else collectively evaluated to TRUE. @ https://cdn.quantummetric.com/qscripts/quantum-wu.js:112
[  145179ms] [INFO] [OPTIMIZELY] - INFO  2026-04-12T10:38:40.534Z OPTIMIZELY: Feature forget_password_mfa is not enabled for user a2aba4f6-bf0c-4fde-91f6-256ca3d115d6. @ https://cdn.quantummetric.com/qscripts/quantum-wu.js:112
[  145179ms] [WARNING] [OPTIMIZELY] - WARN  2026-04-12T10:38:40.534Z OPTIMIZELY: Event key default-rollout-360670-451731670190945 is not in datafile. @ https://cdn.quantummetric.com/qscripts/quantum-wu.js:112
[  145179ms] [WARNING] [OPTIMIZELY] - WARN  2026-04-12T10:38:40.534Z OPTIMIZELY: Not tracking user a2aba4f6-bf0c-4fde-91f6-256ca3d115d6. @ https://cdn.quantummetric.com/qscripts/quantum-wu.js:112
[  146002ms] [INFO] [OPTIMIZELY] - INFO  2026-04-12T10:38:41.356Z DECISION_SERVICE: Audiences for rule Everyone Else collectively evaluated to TRUE. @ https://cdn.quantummetric.com/qscripts/quantum-wu.js:112
[  146002ms] [INFO] [OPTIMIZELY] - INFO  2026-04-12T10:38:41.356Z OPTIMIZELY: Feature forget_password_mfa is not enabled for user a2aba4f6-bf0c-4fde-91f6-256ca3d115d6. @ https://cdn.quantummetric.com/qscripts/quantum-wu.js:112
[  146002ms] [WARNING] [OPTIMIZELY] - WARN  2026-04-12T10:38:41.356Z OPTIMIZELY: Event key default-rollout-360670-451731670190945 is not in datafile. @ https://cdn.quantummetric.com/qscripts/quantum-wu.js:112
[  146002ms] [WARNING] [OPTIMIZELY] - WARN  2026-04-12T10:38:41.357Z OPTIMIZELY: Not tracking user a2aba4f6-bf0c-4fde-91f6-256ca3d115d6. @ https://cdn.quantummetric.com/qscripts/quantum-wu.js:112
[  159075ms] [LOG] --------------R3 AEP Web SDK track link click fired----------- @ https://cdn.quantummetric.com/qscripts/quantum-wu.js:112
[  159099ms] [INFO] [OPTIMIZELY] - INFO  2026-04-12T10:38:54.453Z DECISION_SERVICE: Audiences for rule Everyone Else collectively evaluated to TRUE. @ https://cdn.quantummetric.com/qscripts/quantum-wu.js:112
[  159099ms] [INFO] [OPTIMIZELY] - INFO  2026-04-12T10:38:54.454Z OPTIMIZELY: Feature forget_password_mfa is not enabled for user a2aba4f6-bf0c-4fde-91f6-256ca3d115d6. @ https://cdn.quantummetric.com/qscripts/quantum-wu.js:112
[  159100ms] [WARNING] [OPTIMIZELY] - WARN  2026-04-12T10:38:54.454Z OPTIMIZELY: Event key default-rollout-360670-451731670190945 is not in datafile. @ https://cdn.quantummetric.com/qscripts/quantum-wu.js:112
[  159100ms] [WARNING] [OPTIMIZELY] - WARN  2026-04-12T10:38:54.454Z OPTIMIZELY: Not tracking user a2aba4f6-bf0c-4fde-91f6-256ca3d115d6. @ https://cdn.quantummetric.com/qscripts/quantum-wu.js:112
[  159139ms] [INFO] [OPTIMIZELY] - INFO  2026-04-12T10:38:54.494Z DECISION_SERVICE: Audiences for rule Everyone Else collectively evaluated to TRUE. @ https://cdn.quantummetric.com/qscripts/quantum-wu.js:112
[  159140ms] [INFO] [OPTIMIZELY] - INFO  2026-04-12T10:38:54.494Z OPTIMIZELY: Feature forget_password_mfa is not enabled for user a2aba4f6-bf0c-4fde-91f6-256ca3d115d6. @ https://cdn.quantummetric.com/qscripts/quantum-wu.js:112
[  159140ms] [WARNING] [OPTIMIZELY] - WARN  2026-04-12T10:38:54.494Z OPTIMIZELY: Event key default-rollout-360670-451731670190945 is not in datafile. @ https://cdn.quantummetric.com/qscripts/quantum-wu.js:112
[  159140ms] [WARNING] [OPTIMIZELY] - WARN  2026-04-12T10:38:54.494Z OPTIMIZELY: Not tracking user a2aba4f6-bf0c-4fde-91f6-256ca3d115d6. @ https://cdn.quantummetric.com/qscripts/quantum-wu.js:112
[  160539ms] [INFO] [OPTIMIZELY] - INFO  2026-04-12T10:38:55.893Z DECISION_SERVICE: Audiences for rule Everyone Else collectively evaluated to TRUE. @ https://cdn.quantummetric.com/qscripts/quantum-wu.js:112
[  160539ms] [INFO] [OPTIMIZELY] - INFO  2026-04-12T10:38:55.893Z OPTIMIZELY: Feature forget_password_mfa is not enabled for user a2aba4f6-bf0c-4fde-91f6-256ca3d115d6. @ https://cdn.quantummetric.com/qscripts/quantum-wu.js:112
[  160539ms] [WARNING] [OPTIMIZELY] - WARN  2026-04-12T10:38:55.894Z OPTIMIZELY: Event key default-rollout-360670-451731670190945 is not in datafile. @ https://cdn.quantummetric.com/qscripts/quantum-wu.js:112
[  160539ms] [WARNING] [OPTIMIZELY] - WARN  2026-04-12T10:38:55.894Z OPTIMIZELY: Not tracking user a2aba4f6-bf0c-4fde-91f6-256ca3d115d6. @ https://cdn.quantummetric.com/qscripts/quantum-wu.js:112
[  168144ms] [INFO] [OPTIMIZELY] - INFO  2026-04-12T10:39:03.498Z DECISION_SERVICE: Audiences for rule Everyone Else collectively evaluated to TRUE. @ https://cdn.quantummetric.com/qscripts/quantum-wu.js:112
[  168144ms] [INFO] [OPTIMIZELY] - INFO  2026-04-12T10:39:03.499Z OPTIMIZELY: Feature forget_password_mfa is not enabled for user a2aba4f6-bf0c-4fde-91f6-256ca3d115d6. @ https://cdn.quantummetric.com/qscripts/quantum-wu.js:112
[  168145ms] [WARNING] [OPTIMIZELY] - WARN  2026-04-12T10:39:03.499Z OPTIMIZELY: Event key default-rollout-360670-451731670190945 is not in datafile. @ https://cdn.quantummetric.com/qscripts/quantum-wu.js:112
[  168145ms] [WARNING] [OPTIMIZELY] - WARN  2026-04-12T10:39:03.499Z OPTIMIZELY: Not tracking user a2aba4f6-bf0c-4fde-91f6-256ca3d115d6. @ https://cdn.quantummetric.com/qscripts/quantum-wu.js:112
[  168737ms] [LOG] %c2026-04-12T10:39:04.092Z LOG [main.c72568e3234b953d.js:1:349520] color:gray hadoopAnalyticService Response- {status: OK} @ https://cdn.quantummetric.com/qscripts/quantum-wu.js:112
[  168738ms] [LOG] %c2026-04-12T10:39:04.092Z LOG [main.c72568e3234b953d.js:1:224606] color:gray Hadoop Analytic api post done... @ https://cdn.quantummetric.com/qscripts/quantum-wu.js:112
[  168744ms] [LOG] %c2026-04-12T10:39:04.098Z LOG [main.c72568e3234b953d.js:1:349520] color:gray hadoopAnalyticService Response- {status: OK} @ https://cdn.quantummetric.com/qscripts/quantum-wu.js:112
[  168753ms] [LOG] %c2026-04-12T10:39:04.098Z LOG [main.c72568e3234b953d.js:1:224606] color:gray Hadoop Analytic api post done... @ https://cdn.quantummetric.com/qscripts/quantum-wu.js:112
[  169484ms] [LOG] otDomains read from Switches {AT: a70a77d9-eefc-486e-b0a1-138d47aa9456, BE: b2012572-b72d-41b8-84d8-9a1bfe437eb3, BG: c3fbe9d1-fcdd-4be8-a3fc-35923b217c2a, BY: 9d2bb1f9-d2f2-4255-a81b-7f25b8cbb811, CH: 6f48cac4-9db0-4610-8040-07891eeabb84} @ https://www.westernunion.com/content/wucom/dist/101.0.1.a74579e1/js/util.js:343
[  169564ms] [LOG] [Promise, Promise, Promise, Promise, Promise, Promise] @ https://www.westernunion.com/content/wucom/dist/101.0.1.a74579e1/js/js-bumblebee.js:152
[  170187ms] [ERROR] Failed to load resource: net::ERR_FAILED @ https://api-westernunion.nd.nudatasecurity.com/2.2/w/w-624239/sync/js/:0
[  170187ms] [LOG] globalCountryComplainceData: {GB: Object, MY: Object, US: Object, BR: Object, FR: Object} @ https://www.westernunion.com/content/wucom/dist/101.0.1.a74579e1/js/js-bumblebee.js:20
[  170195ms] [LOG] FeatureFlag: {feature_flag_status_list: Array(365), feature_flag_value_list: Array(39)} @ https://www.westernunion.com/content/wucom/dist/101.0.1.a74579e1/js/js-bumblebee.js:20
[  170199ms] [LOG] globalcomponents: {dcaasinfo: Object, global-components: Object} @ https://www.westernunion.com/content/wucom/dist/101.0.1.a74579e1/js/js-bumblebee.js:20
[  170218ms] [LOG] Logging pushed to array... page_review @ https://www.westernunion.com/content/wucom/dist/101.0.1.a74579e1/js/WUDataAccess.js:169
[  170265ms] [LOG] /content/wucom/dist/101.0.1.a74579e1/css/responsive_css.min.css CSS has loaded! @ https://www.westernunion.com/content/wucom/dist/101.0.1.a74579e1/js/js-bumblebee.js:20
[  170266ms] [LOG] globalcomponentsProviderService @ https://www.westernunion.com/content/wucom/dist/101.0.1.a74579e1/js/js-bumblebee.js:152
[  170270ms] [LOG] globalcomponentsProviderService @ https://www.westernunion.com/content/wucom/dist/101.0.1.a74579e1/js/js-bumblebee.js:152
[  170478ms] [LOG] nr @ https://www.westernunion.com/content/wucom/dist/101.0.1.a74579e1/js/js-bumblebee.js:6
[  170646ms] [LOG] [Amplitude] Invalid apiKey. Please set a valid apiKey with init() before calling setUserProperties() @ https://cdn.amplitude.com/libs/amplitude-8.21.9-min.gz.js:0
[  170647ms] [LOG] [Amplitude] Invalid apiKey. Please set a valid apiKey with init() before calling setUserProperties() @ https://cdn.amplitude.com/libs/amplitude-8.21.9-min.gz.js:0
[  170647ms] [LOG] [Amplitude] TypeError: Cannot read properties of undefined (reading 'save') @ https://cdn.amplitude.com/libs/amplitude-8.21.9-min.gz.js:0
[  170649ms] [LOG] ampliturerer bi @ https://www.westernunion.com/content/wucom/dist/101.0.1.a74579e1/js/util.js:599
[  170658ms] [LOG] [Amplitude] Success: loaded SDK @ https://www.westernunion.com/content/wucom/dist/101.0.1.a74579e1/js/util.js:610
[  170739ms] [LOG] $scope.headerData {change_language_title: 国を変更, nav_mobile_tab2_url: /content/wucom/base/us/en/profile, isNoIndexNoFollow: true, home_page_login_form_amplitude_id: button-login-CTA, nav_tab1_linkUrl: /jp/ja/send-money/app/start} @ https://cdn.quantummetric.com/qscripts/quantum-wu.js:112
[  170740ms] [LOG] $state.current.name >>>>  review @ https://cdn.quantummetric.com/qscripts/quantum-wu.js:112
[  170846ms] [LOG] Logging from watch... page_review @ https://cdn.quantummetric.com/qscripts/quantum-wu.js:112
[  171362ms] [LOG] -------------R3 AEP Web SDK page load fired------------- @ https://cdn.quantummetric.com/qscripts/quantum-wu.js:112
[  171426ms] [LOG] Hello from One Trust Cookie Consent Loop[object Object] @ https://cdn.quantummetric.com/qscripts/quantum-wu.js:112
[  171496ms] [LOG] hincludes.html ===> initializing mparticle @ https://cdn.quantummetric.com/qscripts/quantum-wu.js:112
[  171496ms] [LOG] hincludes.html ===> after initializing mparticle @ https://cdn.quantummetric.com/qscripts/quantum-wu.js:112
[  171511ms] [WARNING] QM: API Listener caught exception: SyntaxError: Unexpected token '<', "<!--hinclu"... is not valid JSON @ https://cdn.quantummetric.com/qscripts/quantum-wu.js:434
[  171560ms] [ERROR] Failed to load resource: the server responded with a status of 403 () @ https://www.westernunion.com/wubot/lex-web-ui-loader.m.js:0
[  171592ms] [WARNING] Identity value for 'email' is falsy (). This value will be removed from the request. @ https://cdn.quantummetric.com/qscripts/quantum-wu.js:112
[  171825ms] [LOG] hincludes.html ===> Inside callback function  @ https://cdn.quantummetric.com/qscripts/quantum-wu.js:112
[  171896ms] [ERROR] Attestation check for Attribution Reporting on https://www.facebook.com failed. @ https://www.westernunion.com/jp/ja/send-money/app/review:0
[  171896ms] [ERROR] Attestation check for Attribution Reporting on https://www.facebook.com failed. @ https://www.westernunion.com/jp/ja/send-money/app/review:0
[  172029ms] [LOG] -------------R3 AEP Web SDK page load fired------------- @ https://cdn.quantummetric.com/qscripts/quantum-wu.js:112
[  172065ms] [WARNING] [Meta Pixel] - Duplicate Pixel ID: 1131643220187654. @ https://cdn.quantummetric.com/qscripts/quantum-wu.js:112
[  172078ms] [INFO] Pinterest Tag Error: 'load' command was called multiple times.  Previously for tag id '%s', now for tag id '%s'. 2614009158756 2614009158756 @ https://cdn.quantummetric.com/qscripts/quantum-wu.js:112
[  172304ms] [ERROR] Attestation check for Attribution Reporting on https://www.facebook.com failed. @ https://www.westernunion.com/jp/ja/send-money/app/review:0
[  191853ms] [LOG] --------------R3 AEP Web SDK track link click fired----------- @ https://cdn.quantummetric.com/qscripts/quantum-wu.js:112
[  198559ms] [LOG] globalcomponentsProviderService @ https://cdn.quantummetric.com/qscripts/quantum-wu.js:112
[  198784ms] [LOG] stateChangeSuccess-----------> receipt @ https://cdn.quantummetric.com/qscripts/quantum-wu.js:112
[  198784ms] [LOG] receipt for stateChangeSuccess @ https://cdn.quantummetric.com/qscripts/quantum-wu.js:112
[  198881ms] [ERROR] Error: [$parse:syntax] Syntax Error: Token '-' is unexpected, expecting [}] at column 9 of the expression [{padding-left-50: !receiptInfoVm.konbiniBarai, padding-right-60: receiptInfoVm.konbiniBarai}] starting at [-left-50: !receiptInfoVm.konbiniBarai, padding-right-60: receiptInfoVm.konbiniBarai}].
http://errors.angularjs.org/1.6.9/$parse/syntax?p0=-&p1=is%20unexpected%2C%20expecting%20%5B%7D%5D&p2=9&p3=%7Bpadding-left-50%3A%20!receiptInfoVm.konbiniBarai%2C%20padding-right-60%3A%20receiptInfoVm.konbiniBarai%7D&p4=-left-50%3A%20!receiptInfoVm.konbiniBarai%2C%20padding-right-60%3A%20receiptInfoVm.konbiniBarai%7D
    at https://www.westernunion.com/content/wucom/dist/101.0.1.a74579e1/js/js-lib.js:79:18240
    at Gr.throwError (https://www.westernunion.com/content/wucom/dist/101.0.1.a74579e1/js/js-lib.js:83:17086)
    at Gr.consume (https://www.westernunion.com/content/wucom/dist/101.0.1.a74579e1/js/js-lib.js:83:17392)
    at Gr.object (https://www.westernunion.com/content/wucom/dist/101.0.1.a74579e1/js/js-lib.js:83:17001)
    at Gr.primary (https://www.westernunion.com/content/wucom/dist/101.0.1.a74579e1/js/js-lib.js:83:14949)
    at Gr.unary (https://www.westernunion.com/content/wucom/dist/101.0.1.a74579e1/js/js-lib.js:83:14788)
    at Gr.multiplicative (https://www.westernunion.com/content/wucom/dist/101.0.1.a74579e1/js/js-lib.js:83:14534)
    at Gr.additive (https://www.westernunion.com/content/wucom/dist/101.0.1.a74579e1/js/js-lib.js:83:14360)
    at Gr.relational (https://www.westernunion.com/content/wucom/dist/101.0.1.a74579e1/js/js-lib.js:83:14194)
    at Gr.equality (https://www.westernunion.com/content/wucom/dist/101.0.1.a74579e1/js/js-lib.js:83:14018) <span class="dis-in-blk jp-konbini-tracking-number" ng-class="{padding-left-50: !receiptInfoVm.konbiniBarai, padding-right-60: receiptInfoVm.konbiniBarai}"> @ https://www.westernunion.com/content/wucom/dist/101.0.1.a74579e1/js/js-lib.js:80
[  199260ms] [ERROR] Attestation check for Attribution Reporting on https://www.facebook.com failed. @ https://www.westernunion.com/jp/ja/send-money/app/receipt:0
[  199263ms] [LOG] -------------R3 AEP Web SDK page load fired------------- @ https://cdn.quantummetric.com/qscripts/quantum-wu.js:112
[  199338ms] [WARNING] [Meta Pixel] - You are sending a non-standard event 'Purchase[NCARegistration]'. The preferred way to send these events is using trackCustom. See 'https://developers.facebook.com/docs/ads-for-websites/pixel-events/#events' for more information. @ https://cdn.quantummetric.com/qscripts/quantum-wu.js:112
[  199341ms] [WARNING] [Meta Pixel] - Invalid parameter format for content_type. Please refer https://developers.facebook.com/docs/meta-pixel/reference/ for valid parameter specifications. @ https://cdn.quantummetric.com/qscripts/quantum-wu.js:112
[  199360ms] [INFO] Pinterest Tag Error: 'load' command was called multiple times.  Previously for tag id '%s', now for tag id '%s'. 2614009158756 2614009158756 @ https://cdn.quantummetric.com/qscripts/quantum-wu.js:112
[  199439ms] [WARNING] [TikTok Pixel] - Missing email and phone number
Issue: Email and phone number info isn't being received. This information is required for Complete Payment events.
Suggestion: Improve your email and phone coverage. This allows you to attribute more conversions and reach more people with your ads. See https://ads.tiktok.com/marketing_api/docs?rid=5ipocbxyw8v&id=1701890972946433 for more information. @ https://cdn.quantummetric.com/qscripts/quantum-wu.js:112
[  199439ms] [WARNING] [TikTok Pixel] - Missing 'content_id' paramter
Issue: The 'content_id' parameter isn't being received. This is required for Video Shopping Ads (VSA).
Suggestion: Include the 'content_id' parameter in your source code. This is required for Video Shopping Ads (VSA). See https://ads.tiktok.com/help/article/standard-events-parameters?redirected=2 for more information. @ https://cdn.quantummetric.com/qscripts/quantum-wu.js:112
[  199451ms] [LOG] Hello from One Trust Cookie Consent Loop[object Object] @ https://cdn.quantummetric.com/qscripts/quantum-wu.js:112
[  199452ms] [ERROR] Failed to load resource: the server responded with a status of 404 () @ https://www.westernunion.com/jp/ja/send-money/app/%7B%7BreceiptInfoVm.qrCodeLogo%7D%7D:0
[  199579ms] [ERROR] Attestation check for Attribution Reporting on https://www.facebook.com failed. @ https://www.westernunion.com/jp/ja/send-money/app/receipt:0
[  199579ms] [ERROR] Attestation check for Attribution Reporting on https://www.facebook.com failed. @ https://www.westernunion.com/jp/ja/send-money/app/receipt:0
[  199648ms] [WARNING] [TikTok Pixel] - Duplicate Pixel ID
Issue: The pixel ID is duplicate. This could impact the pixel data accuracy.
Suggestion: Please double check and delete any unnecessary pixel code. @ https://cdn.quantummetric.com/qscripts/quantum-wu.js:112
[  199648ms] [WARNING] [TikTok Pixel] - Missing email and phone number
Issue: Email and phone number info isn't being received. This information is required for Complete Payment events.
Suggestion: Improve your email and phone coverage. This allows you to attribute more conversions and reach more people with your ads. See https://ads.tiktok.com/marketing_api/docs?rid=5ipocbxyw8v&id=1701890972946433 for more information. @ https://cdn.quantummetric.com/qscripts/quantum-wu.js:112
[  199648ms] [WARNING] [TikTok Pixel] - Missing 'content_id' paramter
Issue: The 'content_id' parameter isn't being received. This is required for Video Shopping Ads (VSA).
Suggestion: Include the 'content_id' parameter in your source code. This is required for Video Shopping Ads (VSA). See https://ads.tiktok.com/help/article/standard-events-parameters?redirected=2 for more information. @ https://cdn.quantummetric.com/qscripts/quantum-wu.js:112
[ 1209544ms] [WARNING] <link rel=preload> must have a valid `as` value @ https://www.westernunion.com/jp/ja/web/user/session-expired:13
[ 1209544ms] [WARNING] <link rel=preload> must have a valid `as` value @ https://www.westernunion.com/jp/ja/web/user/session-expired:13
[ 1209594ms] [WARNING] <link rel=preload> must have a valid `as` value @ https://www.westernunion.com/jp/ja/web/user/session-expired:74
[ 1210174ms] [VERBOSE] [DOM] Input elements should have autocomplete attributes (suggested: "current-password"): (More info: https://goo.gl/9p2vKq) %o @ https://www.westernunion.com/jp/ja/web/user/session-expired:0
[ 1210970ms] [WARNING] [OPTIMIZELY] - WARN  2026-04-12T10:56:26.324Z Invalid eventBatchSize undefined, defaulting to 10 @ https://www.westernunion.com/content/wucom/dist/ng9staticassets/R260351-f264f8dc93/vendor.346574b18bfbf331.js:0
[ 1210970ms] [WARNING] [OPTIMIZELY] - WARN  2026-04-12T10:56:26.325Z Invalid eventFlushInterval undefined, defaulting to 1000 @ https://www.westernunion.com/content/wucom/dist/ng9staticassets/R260351-f264f8dc93/vendor.346574b18bfbf331.js:0
[ 1210975ms] [INFO] [OPTIMIZELY] - INFO  2026-04-12T10:56:26.329Z PROJECT_CONFIG: Skipping JSON schema validation. @ https://www.westernunion.com/content/wucom/dist/ng9staticassets/R260351-f264f8dc93/vendor.346574b18bfbf331.js:0
[ 1210978ms] [INFO] [OPTIMIZELY] - INFO  2026-04-12T10:56:26.332Z OPTIMIZELY: Updated Optimizely config to revision 45 (project id 6051471968436224) @ https://www.westernunion.com/content/wucom/dist/ng9staticassets/R260351-f264f8dc93/vendor.346574b18bfbf331.js:0
[ 1211405ms] [INFO] [OPTIMIZELY] - INFO  2026-04-12T10:56:26.756Z DECISION_SERVICE: Audiences for rule Everyone Else collectively evaluated to TRUE. @ https://www.westernunion.com/content/wucom/dist/ng9staticassets/R260351-f264f8dc93/vendor.346574b18bfbf331.js:0
[ 1211407ms] [INFO] [OPTIMIZELY] - INFO  2026-04-12T10:56:26.761Z OPTIMIZELY: Feature forget_password_mfa is not enabled for user d7b21de9-53fc-4693-aaa3-b480d79288c1. @ https://www.westernunion.com/content/wucom/dist/ng9staticassets/R260351-f264f8dc93/vendor.346574b18bfbf331.js:0
[ 1211408ms] [WARNING] [OPTIMIZELY] - WARN  2026-04-12T10:56:26.762Z OPTIMIZELY: Event key default-rollout-360670-451731670190945 is not in datafile. @ https://www.westernunion.com/content/wucom/dist/ng9staticassets/R260351-f264f8dc93/vendor.346574b18bfbf331.js:0
[ 1211408ms] [WARNING] [OPTIMIZELY] - WARN  2026-04-12T10:56:26.762Z OPTIMIZELY: Not tracking user d7b21de9-53fc-4693-aaa3-b480d79288c1. @ https://www.westernunion.com/content/wucom/dist/ng9staticassets/R260351-f264f8dc93/vendor.346574b18bfbf331.js:0
[ 1211525ms] [INFO] [OPTIMIZELY] - INFO  2026-04-12T10:56:26.880Z DECISION_SERVICE: Audiences for rule Everyone Else collectively evaluated to TRUE. @ https://www.westernunion.com/content/wucom/dist/ng9staticassets/R260351-f264f8dc93/vendor.346574b18bfbf331.js:0
[ 1211526ms] [INFO] [OPTIMIZELY] - INFO  2026-04-12T10:56:26.881Z OPTIMIZELY: Feature forget_password_mfa is not enabled for user d7b21de9-53fc-4693-aaa3-b480d79288c1. @ https://www.westernunion.com/content/wucom/dist/ng9staticassets/R260351-f264f8dc93/vendor.346574b18bfbf331.js:0
[ 1211526ms] [WARNING] [OPTIMIZELY] - WARN  2026-04-12T10:56:26.881Z OPTIMIZELY: Event key default-rollout-360670-451731670190945 is not in datafile. @ https://www.westernunion.com/content/wucom/dist/ng9staticassets/R260351-f264f8dc93/vendor.346574b18bfbf331.js:0
[ 1211527ms] [WARNING] [OPTIMIZELY] - WARN  2026-04-12T10:56:26.881Z OPTIMIZELY: Not tracking user d7b21de9-53fc-4693-aaa3-b480d79288c1. @ https://www.westernunion.com/content/wucom/dist/ng9staticassets/R260351-f264f8dc93/vendor.346574b18bfbf331.js:0
[ 1211551ms] [VERBOSE] [DOM] Input elements should have autocomplete attributes (suggested: "current-password"): (More info: https://goo.gl/9p2vKq) %o @ https://www.westernunion.com/jp/ja/web/user/session-expired:0
[ 1212135ms] [ERROR] Attestation check for Attribution Reporting on https://www.facebook.com failed. @ https://www.westernunion.com/jp/ja/web/user/session-expired:0
[ 1212148ms] [LOG] NG15 - otDomains read from Switches {domains: Object, partnersDomain: Object} @ https://www.westernunion.com/content/wucom/dist/ng9staticassets/R260351-f264f8dc93/assets/vendor/util.js:586
[ 1212180ms] [ERROR] Failed to load resource: the server responded with a status of 403 () @ https://www.westernunion.com/wubot/lex-web-ui-loader.m.js:0
[ 1212223ms] [LOG] [Amplitude] Success: loaded SDK @ https://www.westernunion.com/content/wucom/dist/ng9staticassets/R260351-f264f8dc93/assets/vendor/util.js:518
[ 1212464ms] [LOG] -------------R3 AEP Web SDK page load fired------------- @ https://cdn.quantummetric.com/qscripts/quantum-wu.js:112
[ 1212687ms] [LOG] Hello from One Trust Cookie Consent Loop[object Object] @ https://cdn.quantummetric.com/qscripts/quantum-wu.js:112
[ 1212720ms] [WARNING] [Meta Pixel] - Duplicate Pixel ID: 1131643220187654. @ https://cdn.quantummetric.com/qscripts/quantum-wu.js:112
[ 1212988ms] [ERROR] Attestation check for Attribution Reporting on https://www.facebook.com failed. @ https://www.westernunion.com/jp/ja/web/user/session-expired:0
[ 1213323ms] [WARNING] QM: API Listener caught exception: SyntaxError: Unexpected token 's', "success" is not valid JSON @ https://cdn.quantummetric.com/qscripts/quantum-wu.js:434
